19:19:04 **** Auto Build of configuration Debug for project XBPrj_Version ****
make pre-build main-build 
a9-linaro-pre-build-step
 
Building file: ../src/data_process.c
Invoking: ARM v7 gcc compiler
arm-none-eabi-gcc -Wall -O0 -g3 -c -fmessage-length=0 -MT"src/data_process.o" -mcpu=cortex-a9 -mfpu=vfpv3 -mfloat-abi=hard -I../../XBPrj_Version_bsp/ps7_cortexa9_0/include -MMD -MP -MF"src/data_process.d" -MT"src/data_process.o" -o "src/data_process.o" "../src/data_process.c"
../src/data_process.c: In function 'Process_data':
../src/data_process.c:26:1: warning: control reaches end of non-void function [-Wreturn-type]
 }
 ^
../src/data_process.c: In function 'Storage_data':
../src/data_process.c:30:1: warning: control reaches end of non-void function [-Wreturn-type]
 }
 ^
Finished building: ../src/data_process.c
 
Building file: ../src/dwin_uart.c
Invoking: ARM v7 gcc compiler
arm-none-eabi-gcc -Wall -O0 -g3 -c -fmessage-length=0 -MT"src/dwin_uart.o" -mcpu=cortex-a9 -mfpu=vfpv3 -mfloat-abi=hard -I../../XBPrj_Version_bsp/ps7_cortexa9_0/include -MMD -MP -MF"src/dwin_uart.d" -MT"src/dwin_uart.o" -o "src/dwin_uart.o" "../src/dwin_uart.c"
Finished building: ../src/dwin_uart.c
 
Building file: ../src/python_uart.c
Invoking: ARM v7 gcc compiler
arm-none-eabi-gcc -Wall -O0 -g3 -c -fmessage-length=0 -MT"src/python_uart.o" -mcpu=cortex-a9 -mfpu=vfpv3 -mfloat-abi=hard -I../../XBPrj_Version_bsp/ps7_cortexa9_0/include -MMD -MP -MF"src/python_uart.d" -MT"src/python_uart.o" -o "src/python_uart.o" "../src/python_uart.c"
Finished building: ../src/python_uart.c
 
Building file: ../src/sd_data.c
Invoking: ARM v7 gcc compiler
arm-none-eabi-gcc -Wall -O0 -g3 -c -fmessage-length=0 -MT"src/sd_data.o" -mcpu=cortex-a9 -mfpu=vfpv3 -mfloat-abi=hard -I../../XBPrj_Version_bsp/ps7_cortexa9_0/include -MMD -MP -MF"src/sd_data.d" -MT"src/sd_data.o" -o "src/sd_data.o" "../src/sd_data.c"
../src/sd_data.c: In function 'sd_write':
../src/sd_data.c:39:2: warning: implicit declaration of function 'sprintf' [-Wimplicit-function-declaration]
  sprintf(SD_Buffer_logger, "StructureSteel: %d\r\n", data);
  ^
../src/sd_data.c:39:2: warning: incompatible implicit declaration of built-in function 'sprintf'
../src/sd_data.c:39:2: note: include '<stdio.h>' or provide a declaration of 'sprintf'
../src/sd_data.c:39:10: warning: pointer targets in passing argument 1 of 'sprintf' differ in signedness [-Wpointer-sign]
  sprintf(SD_Buffer_logger, "StructureSteel: %d\r\n", data);
          ^
../src/sd_data.c:39:10: note: expected 'char *' but argument is of type 'u8 * {aka unsigned char *}'
../src/sd_data.c:40:66: warning: pointer targets in passing argument 1 of 'strlen' differ in signedness [-Wpointer-sign]
  result = f_write(&file, (const void *) SD_Buffer_logger, strlen(SD_Buffer_logger),
                                                                  ^
In file included from /media/lite/DATA/A_Software/Xilinx/Vivado2016.03/SDK/2016.3/gnu/aarch32/lin/gcc-arm-none-eabi/arm-none-eabi/libc/usr/include/ctype.h:4:0,
                 from ../../XBPrj_Version_bsp/ps7_cortexa9_0/include/xil_printf.h:8,
                 from ../../XBPrj_Version_bsp/ps7_cortexa9_0/include/xil_io.h:63,
                 from ../../XBPrj_Version_bsp/ps7_cortexa9_0/include/xaxidma_hw.h:67,
                 from ../../XBPrj_Version_bsp/ps7_cortexa9_0/include/xaxidma_bd.h:117,
                 from ../../XBPrj_Version_bsp/ps7_cortexa9_0/include/xaxidma_bdring.h:86,
                 from ../../XBPrj_Version_bsp/ps7_cortexa9_0/include/xaxidma.h:472,
                 from ../src/include.h:11,
                 from ../src/sd_data.h:11,
                 from ../src/sd_data.c:7:
/media/lite/DATA/A_Software/Xilinx/Vivado2016.03/SDK/2016.3/gnu/aarch32/lin/gcc-arm-none-eabi/arm-none-eabi/libc/usr/include/string.h:33:9: note: expected 'const char *' but argument is of type 'u8 * {aka unsigned char *}'
 size_t  _EXFUN(strlen,(const char *));
         ^
../src/sd_data.c:46:20: warning: pointer targets in passing argument 1 of 'strlen' differ in signedness [-Wpointer-sign]
  fileEOF += strlen(SD_Buffer_logger);
                    ^
In file included from /media/lite/DATA/A_Software/Xilinx/Vivado2016.03/SDK/2016.3/gnu/aarch32/lin/gcc-arm-none-eabi/arm-none-eabi/libc/usr/include/ctype.h:4:0,
                 from ../../XBPrj_Version_bsp/ps7_cortexa9_0/include/xil_printf.h:8,
                 from ../../XBPrj_Version_bsp/ps7_cortexa9_0/include/xil_io.h:63,
                 from ../../XBPrj_Version_bsp/ps7_cortexa9_0/include/xaxidma_hw.h:67,
                 from ../../XBPrj_Version_bsp/ps7_cortexa9_0/include/xaxidma_bd.h:117,
                 from ../../XBPrj_Version_bsp/ps7_cortexa9_0/include/xaxidma_bdring.h:86,
                 from ../../XBPrj_Version_bsp/ps7_cortexa9_0/include/xaxidma.h:472,
                 from ../src/include.h:11,
                 from ../src/sd_data.h:11,
                 from ../src/sd_data.c:7:
/media/lite/DATA/A_Software/Xilinx/Vivado2016.03/SDK/2016.3/gnu/aarch32/lin/gcc-arm-none-eabi/arm-none-eabi/libc/usr/include/string.h:33:9: note: expected 'const char *' but argument is of type 'u8 * {aka unsigned char *}'
 size_t  _EXFUN(strlen,(const char *));
         ^
Finished building: ../src/sd_data.c
 
Building file: ../src/xadc_multiChannels_dma_sg_intr.c
Invoking: ARM v7 gcc compiler
arm-none-eabi-gcc -Wall -O0 -g3 -c -fmessage-length=0 -MT"src/xadc_multiChannels_dma_sg_intr.o" -mcpu=cortex-a9 -mfpu=vfpv3 -mfloat-abi=hard -I../../XBPrj_Version_bsp/ps7_cortexa9_0/include -MMD -MP -MF"src/xadc_multiChannels_dma_sg_intr.d" -MT"src/xadc_multiChannels_dma_sg_intr.o" -o "src/xadc_multiChannels_dma_sg_intr.o" "../src/xadc_multiChannels_dma_sg_intr.c"
Finished building: ../src/xadc_multiChannels_dma_sg_intr.c
 
Building file: ../src/xdma.c
Invoking: ARM v7 gcc compiler
arm-none-eabi-gcc -Wall -O0 -g3 -c -fmessage-length=0 -MT"src/xdma.o" -mcpu=cortex-a9 -mfpu=vfpv3 -mfloat-abi=hard -I../../XBPrj_Version_bsp/ps7_cortexa9_0/include -MMD -MP -MF"src/xdma.d" -MT"src/xdma.o" -o "src/xdma.o" "../src/xdma.c"
Finished building: ../src/xdma.c
 
Building target: XBPrj_Version.elf
Invoking: ARM v7 gcc linker
arm-none-eabi-gcc -mcpu=cortex-a9 -mfpu=vfpv3 -mfloat-abi=hard -Wl,-build-id=none -specs=Xilinx.spec -Wl,-T -Wl,../src/lscript.ld -L../../XBPrj_Version_bsp/ps7_cortexa9_0/lib -o "XBPrj_Version.elf"  ./src/data_process.o ./src/dwin_uart.o ./src/python_uart.o ./src/sd_data.o ./src/xadc_multiChannels_dma_sg_intr.o ./src/xdma.o   -Wl,--start-group,-lxil,-lgcc,-lc,--end-group -Wl,--start-group,-lxilffs,-lxil,-lgcc,-lc,--end-group
Finished building target: XBPrj_Version.elf
 
Invoking: ARM v7 Print Size
arm-none-eabi-size XBPrj_Version.elf  |tee "XBPrj_Version.elf.size"
   text	   data	    bss	    dec	    hex	filename
 111960	   4352	  29584	 145896	  239e8	XBPrj_Version.elf
Finished building: XBPrj_Version.elf.size
 

19:19:05 Build Finished (took 916ms)

