#-----------------------------------------------------------
# Vivado v2016.3 (64-bit)
# SW Build 1682563 on Mon Oct 10 19:07:26 MDT 2016
# IP Build 1681267 on Mon Oct 10 21:28:31 MDT 2016
# Start of session at: Wed Apr 18 21:58:50 2018
# Process ID: 29007
# Current directory: /media/lite/DATA/E_Dissertation/HPRTU/projects/eLinuxPrj/Prj/2-4_XADC_MultiChannels_Decimation_DMA/xadc_pynq/xadc_pynq.runs/design_1_xlconcat_0_0_synth_1
# Command line: vivado -log design_1_xlconcat_0_0.vds -product Vivado -mode batch -messageDb vivado.pb -notrace -source design_1_xlconcat_0_0.tcl
# Log file: /media/lite/DATA/E_Dissertation/HPRTU/projects/eLinuxPrj/Prj/2-4_XADC_MultiChannels_Decimation_DMA/xadc_pynq/xadc_pynq.runs/design_1_xlconcat_0_0_synth_1/design_1_xlconcat_0_0.vds
# Journal file: /media/lite/DATA/E_Dissertation/HPRTU/projects/eLinuxPrj/Prj/2-4_XADC_MultiChannels_Decimation_DMA/xadc_pynq/xadc_pynq.runs/design_1_xlconcat_0_0_synth_1/vivado.jou
#-----------------------------------------------------------
source design_1_xlconcat_0_0.tcl -notrace
